// Jest Snapshot v1, https://goo.gl/fbAQLP

exports[`Tests on <FirstApp /> should match the snapshot 1`] = `
<div>
  <h1>
    Hello, I'm Nikola
  </h1>
  <h2>
    123
  </h2>
  <p>
    I'm a subtitle
  </p>
</div>
`;
